Microchip MPLAB XC8 Compiler V2.40

Linker command line:

-W-3 \
  --edf=C:\Program Files\Microchip\xc8\v2.40\pic\dat\20220703182018_en.msgs \
  -cn -h+dist/default/production\GPIO_Driver.production.sym \
  --cmf=dist/default/production\GPIO_Driver.production.cmf -z -Q18F4620 \
  -oC:\Users\KAREEM~1\AppData\Local\Temp\xcAsnso.4 --defsym=__MPLAB_BUILD=1 \
  --fixupoverflow=error \
  -Mdist/default/production/GPIO_Driver.production.map \
  --md=C:\Users\KAREEM~1\AppData\Local\Temp\xcAsnso.dat -E1 \
  -ver=XC8 Compiler --acfsm=1493 -ACODE=00h-0FFFFh -ACONST=00h-0FFFFh \
  -ASMALLCONST=01000h-010FFhx240 -AMEDIUMCONST=01000h-0FFFFh \
  -ACOMRAM=01h-07Fh -AABS1=00h-0F7Fh -ABIGRAM=01h-0F7Fh \
  -ARAM=080h-0FFh,0100h-01FFhx14,0F00h-0F7Fh -ABANK0=080h-0FFh \
  -ABANK1=0100h-01FFh -ABANK2=0200h-02FFh -ABANK3=0300h-03FFh \
  -ABANK4=0400h-04FFh -ABANK5=0500h-05FFh -ABANK6=0600h-06FFh \
  -ABANK7=0700h-07FFh -ABANK8=0800h-08FFh -ABANK9=0900h-09FFh \
  -ABANK10=0A00h-0AFFh -ABANK11=0B00h-0BFFh -ABANK12=0C00h-0CFFh \
  -ABANK13=0D00h-0DFFh -ABANK14=0E00h-0EFFh -ABANK15=0F00h-0F7Fh \
  -ASFR=0F80h-0FFFh -ABIGSFR=0F80h-0FFFh -ACONFIG=0300000h-030000Dh \
  -AIDLOC=0200000h-0200007h -AEEDATA=0F00000h-0F003FFh -peeprom_data=EEDATA \
  -preset_vec=00h,intcode=08h,intcodelo,powerup,init -pramtop=01000h \
  -psmallconst=SMALLCONST -pmediumconst=MEDIUMCONST -pconst=CONST \
  -AFARRAM=00h-00h \
  -prdata=COMRAM,nvrram=COMRAM,nvbit=COMRAM,rbss=COMRAM,rbit=COMRAM \
  -pfarbss=FARRAM,fardata=FARRAM,nvFARRAM=FARRAM \
  -pintsave_regs=BIGRAM,bigbss=BIGRAM,bigdata=BIGRAM -pbss=RAM \
  -pidata=CODE,irdata=CODE,ibigdata=CODE,ifardata=CODE -prparam=COMRAM \
  C:\Users\KAREEM~1\AppData\Local\Temp\xcAsnso.o \
  dist/default/production\GPIO_Driver.production.o 

Object code version is 3.11

Machine type is 18F4620



                Name                               Link     Load   Length Selector   Space Scale
C:\Users\KAREEM~1\AppData\Local\Temp\xcAsnso.o
                idloc                            200000   200000        8        0       5
                config                           300000   300000        E        0       4
                init                                  E        E        4        4       0
                reset_vec                             0        0        4        0       0
dist/default/production\GPIO_Driver.production.o
                intcode                               8        8        6        4       0
                idloc                            200000   200000        8        0       5
                config                           300000   300000        E        0       4
                temp                                 51       51        1        1       1
                smallconst                         1000     1000       16      800       0
                text15                             16D8     16D8        4      80B       0
                text14                             16D4     16D4        4      80B       0
                text13                             16D0     16D0        4      80B       0
                text12                             16CC     16CC        4      80B       0
                text11                             16C8     16C8        4      80B       0
                text10                             16C4     16C4        4      80B       0
                text9                              16C0     16C0        4      80B       0
                intcode_body                       12C2     12C2      11E      80B       0
                text7                              1016     1016      162      80B       0
                text6                              1178     1178      14A      80B       0
                text5                              13E0     13E0       98      80B       0
                text4                              16B0     16B0       10      80B       0
                text3                              15EA     15EA       70      80B       0
                text2                              1572     1572       78      80B       0
                text1                              1478     1478       80      80B       0
                text0                              14F8     14F8       7A      80B       0
                cstackCOMRAM                         40       40       11        1       1
                dataCOMRAM                            1        1       20        1       1
                bssCOMRAM                            21       21       1F        1       1
                cinit                              165A     165A       36      80B       0
                idataCOMRAM                        1690     1690       20      80B       0

TOTAL           Name                               Link     Load   Length     Space
        CLASS   CODE           
                intcode                               8        8        6         0
                init                                  E        E        4         0
                reset_vec                             0        0        4         0
                text15                             16D8     16D8        4         0
                text14                             16D4     16D4        4         0
                text13                             16D0     16D0        4         0
                text12                             16CC     16CC        4         0
                text11                             16C8     16C8        4         0
                text10                             16C4     16C4        4         0
                text9                              16C0     16C0        4         0
                intcode_body                       12C2     12C2      11E         0
                text7                              1016     1016      162         0
                text6                              1178     1178      14A         0
                text5                              13E0     13E0       98         0
                text4                              16B0     16B0       10         0
                text3                              15EA     15EA       70         0
                text2                              1572     1572       78         0
                text1                              1478     1478       80         0
                text0                              14F8     14F8       7A         0
                cinit                              165A     165A       36         0
                idataCOMRAM                        1690     1690       20         0

        CLASS   CONST          

        CLASS   SMALLCONST     
                smallconst                         1000     1000       16         0

        CLASS   MEDIUMCONST    

        CLASS   COMRAM         
                temp                                 51       51        1         1
                cstackCOMRAM                         40       40       11         1
                dataCOMRAM                            1        1       20         1
                bssCOMRAM                            21       21       1F         1

        CLASS   ABS1           

        CLASS   BIGRAM         

        CLASS   RAM            

        CLASS   BANK0          

        CLASS   BANK1          

        CLASS   BANK2          

        CLASS   BANK3          

        CLASS   BANK4          

        CLASS   BANK5          

        CLASS   BANK6          

        CLASS   BANK7          

        CLASS   BANK8          

        CLASS   BANK9          

        CLASS   BANK10         

        CLASS   BANK11         

        CLASS   BANK12         

        CLASS   BANK13         

        CLASS   BANK14         

        CLASS   BANK15         

        CLASS   SFR            

        CLASS   BIGSFR         

        CLASS   CONFIG         
                config                           300000   300000        E         4

        CLASS   IDLOC          
                idloc                            200000   200000        8         5

        CLASS   EEDATA         

        CLASS   FARRAM         

        CLASS   HEAP           

        CLASS   STACK          



SEGMENTS        Name                           Load    Length   Top    Selector   Space  Class

                reset_vec                      000000  000004  000004         0       0  CODE    
                dataCOMRAM                     000001  000051  000052         1       1  COMRAM  
                intcode                        000008  00000A  000012         4       0  CODE    
                smallconst                     001000  000016  001016       800       0  SMALLCON
                text7                          001016  0006C6  0016DC       80B       0  CODE    


UNUSED ADDRESS RANGES

        Name                Unused          Largest block    Delta
        BANK0            000080-0000FF               80
        BANK1            000100-0001FF              100
        BANK10           000A00-000AFF              100
        BANK11           000B00-000BFF              100
        BANK12           000C00-000CFF              100
        BANK13           000D00-000DFF              100
        BANK14           000E00-000EFF              100
        BANK15           000F00-000F7F               80
        BANK2            000200-0002FF              100
        BANK3            000300-0003FF              100
        BANK4            000400-0004FF              100
        BANK5            000500-0005FF              100
        BANK6            000600-0006FF              100
        BANK7            000700-0007FF              100
        BANK8            000800-0008FF              100
        BANK9            000900-0009FF              100
        BIGRAM           000052-000F7F              F2E
        BIGSFR           000F80-000FFF               80
        CODE             000004-000007                4
                         000012-000FFF              FEE
                         0016DC-00FFFF             E924
        COMRAM           000052-00007F               2E
        CONST            000004-000007                4
                         000012-000FFF              FEE
                         0016DC-00FFFF             E924
        EEDATA           F00000-F003FF              400
        MEDIUMCONST      0016DC-00FFFF             E924
        RAM              000080-000F7F              100
        SFR              000F80-000FFF               80
        SMALLCONST       0016DC-00FFFF              100

                                  Symbol Table

Data_EEPROM_ReadByte@bAdd                     cstackCOMRAM 000040
Data_EEPROM_ReadByte@bData                    cstackCOMRAM 000042
Data_EEPROM_ReadByte@ret                      cstackCOMRAM 000044
Data_EEPROM_WriteByte@Global_Interrupt_Status cstackCOMRAM 000043
Data_EEPROM_WriteByte@bAdd                    cstackCOMRAM 000040
Data_EEPROM_WriteByte@bData                   cstackCOMRAM 000042
Dc_motor_initialize@F3042                     bssCOMRAM    00003E
Dc_motor_initialize@F3044                     bssCOMRAM    00003D
Dc_motor_stop@F3065                           bssCOMRAM    000038
Dc_motor_stop@F3067                           bssCOMRAM    000037
Dc_motor_turn_left@F3051                      bssCOMRAM    00003C
Dc_motor_turn_left@F3053                      bssCOMRAM    00003B
Dc_motor_turn_right@F3058                     bssCOMRAM    00003A
Dc_motor_turn_right@F3060                     bssCOMRAM    000039
_ADCON0bits                                   (abs)        000FC2
_ADCON1bits                                   (abs)        000FC1
_ADCON2bits                                   (abs)        000FC0
_ADRESH                                       (abs)        000FC4
_ADRESL                                       (abs)        000FC3
_Application_initialize                       text4        0016B0
_Data_EEPROM_ReadByte                         text3        0015EA
_Data_EEPROM_ReadByte$1761                    cstackCOMRAM 000045
_Data_EEPROM_ReadByte$1762                    cstackCOMRAM 000046
_Data_EEPROM_WriteByte                        text2        001572
_Data_EEPROM_WriteByte$1747                   cstackCOMRAM 000044
_Data_EEPROM_WriteByte$1748                   cstackCOMRAM 000045
_EEADR                                        (abs)        000FA9
_EEADRH                                       (abs)        000FAA
_EECON1bits                                   (abs)        000FA6
_EECON2                                       (abs)        000FA7
_EEDATA                                       (abs)        000FA8
_INT0_ISR                                     text15       0016D8
_INT0_InterruptHandler                        bssCOMRAM    00002D
_INT1_ISR                                     text14       0016D4
_INT1_InterruptHandler                        bssCOMRAM    00002B
_INT2_ISR                                     text13       0016D0
_INT2_InterruptHandler                        bssCOMRAM    000029
_INTCON2bits                                  (abs)        000FF1
_INTCON3bits                                  (abs)        000FF0
_INTCONbits                                   (abs)        000FF2
_InterruptManager                             intcode      000008
_LATA                                         (abs)        000F89
_LATB                                         (abs)        000F8A
_LATC                                         (abs)        000F8B
_LATD                                         (abs)        000F8C
_LATE                                         (abs)        000F8D
_PORTA                                        (abs)        000F80
_PORTB                                        (abs)        000F81
_PORTBbits                                    (abs)        000F81
_PORTC                                        (abs)        000F82
_PORTD                                        (abs)        000F83
_PORTE                                        (abs)        000F84
_RB4_ISR                                      text12       0016CC
_RB4_InterruptHandler                         bssCOMRAM    000027
_RB5_ISR                                      text11       0016C8
_RB5_InterruptHandler                         bssCOMRAM    000025
_RB6_ISR                                      text10       0016C4
_RB6_InterruptHandler                         bssCOMRAM    000023
_RB7_ISR                                      text9        0016C0
_RB7_InterruptHandler                         bssCOMRAM    000021
_TRISA                                        (abs)        000F92
_TRISB                                        (abs)        000F93
_TRISC                                        (abs)        000F94
_TRISD                                        (abs)        000F95
_TRISE                                        (abs)        000F96
__HRAM                                        (abs)        000000
__Habs1                                       abs1         000000
__Hbank0                                      bank0        000000
__Hbank1                                      bank1        000000
__Hbank10                                     bank10       000000
__Hbank11                                     bank11       000000
__Hbank12                                     bank12       000000
__Hbank13                                     bank13       000000
__Hbank14                                     bank14       000000
__Hbank15                                     bank15       000000
__Hbank2                                      bank2        000000
__Hbank3                                      bank3        000000
__Hbank4                                      bank4        000000
__Hbank5                                      bank5        000000
__Hbank6                                      bank6        000000
__Hbank7                                      bank7        000000
__Hbank8                                      bank8        000000
__Hbank9                                      bank9        000000
__Hbigbss                                     bigbss       000000
__Hbigdata                                    bigdata      000000
__Hbigram                                     bigram       000000
__Hbigsfr                                     bigsfr       000000
__Hbss                                        bss          000000
__HbssCOMRAM                                  bssCOMRAM    000000
__Hcinit                                      cinit        000000
__Hclrtext                                    clrtext      000000
__Hcomram                                     comram       000000
__Hconfig                                     config       30000E
__Hconst                                      const        000000
__HcstackCOMRAM                               cstackCOMRAM 000000
__Hdata                                       data         000000
__HdataCOMRAM                                 dataCOMRAM   000000
__Heeprom_data                                eeprom_data  000000
__Hfarbss                                     farbss       000000
__Hfardata                                    fardata      000000
__Hheap                                       heap         000000
__Hibigdata                                   ibigdata     000000
__Hidata                                      idata        000000
__HidataCOMRAM                                idataCOMRAM  000000
__Hidloc                                      idloc        200008
__Hifardata                                   ifardata     000000
__Hinit                                       init         000012
__Hintcode                                    intcode      00000E
__Hintcode_body                               intcode_body 000000
__Hintcodelo                                  intcodelo    00000E
__Hintentry                                   intentry     000000
__Hintret                                     intret       000000
__Hintsave_regs                               intsave_regs 000000
__Hirdata                                     irdata       000000
__Hmediumconst                                mediumconst  000000
__HnvFARRAM                                   nvFARRAM     000000
__Hnvbit                                      nvbit        000000
__Hnvrram                                     nvrram       000000
__Hparam                                      rparam       000000
__Hpowerup                                    powerup      00000E
__Hram                                        ram          000000
__Hramtop                                     ramtop       001000
__Hrbit                                       rbit         000000
__Hrbss                                       rbss         000000
__Hrdata                                      rdata        000000
__Hreset_vec                                  reset_vec    000004
__Hrparam                                     rparam       000000
__Hsfr                                        sfr          000000
__Hsmallconst                                 smallconst   001016
__Hspace_0                                    (abs)        0016DC
__Hspace_1                                    (abs)        000052
__Hspace_2                                    (abs)        000000
__Hspace_4                                    (abs)        60000E
__Hstack                                      stack        000000
__Hstruct                                     struct       000000
__Htemp                                       temp         000052
__Htext                                       text         000000
__Htext0                                      text0        000000
__Htext1                                      text1        000000
__Htext10                                     text10       000000
__Htext11                                     text11       000000
__Htext12                                     text12       000000
__Htext13                                     text13       000000
__Htext14                                     text14       000000
__Htext15                                     text15       000000
__Htext2                                      text2        000000
__Htext3                                      text3        000000
__Htext4                                      text4        000000
__Htext5                                      text5        000000
__Htext6                                      text6        000000
__Htext7                                      text7        000000
__Htext9                                      text9        000000
__LRAM                                        (abs)        000001
__Labs1                                       abs1         000000
__Lbank0                                      bank0        000000
__Lbank1                                      bank1        000000
__Lbank10                                     bank10       000000
__Lbank11                                     bank11       000000
__Lbank12                                     bank12       000000
__Lbank13                                     bank13       000000
__Lbank14                                     bank14       000000
__Lbank15                                     bank15       000000
__Lbank2                                      bank2        000000
__Lbank3                                      bank3        000000
__Lbank4                                      bank4        000000
__Lbank5                                      bank5        000000
__Lbank6                                      bank6        000000
__Lbank7                                      bank7        000000
__Lbank8                                      bank8        000000
__Lbank9                                      bank9        000000
__Lbigbss                                     bigbss       000000
__Lbigdata                                    bigdata      000000
__Lbigram                                     bigram       000000
__Lbigsfr                                     bigsfr       000000
__Lbss                                        bss          000000
__LbssCOMRAM                                  bssCOMRAM    000000
__Lcinit                                      cinit        000000
__Lclrtext                                    clrtext      000000
__Lcomram                                     comram       000000
__Lconfig                                     config       000000
__Lconst                                      const        000000
__LcstackCOMRAM                               cstackCOMRAM 000000
__Ldata                                       data         000000
__LdataCOMRAM                                 dataCOMRAM   000000
__Leeprom_data                                eeprom_data  000000
__Lfarbss                                     farbss       000000
__Lfardata                                    fardata      000000
__Lheap                                       heap         000000
__Libigdata                                   ibigdata     000000
__Lidata                                      idata        000000
__LidataCOMRAM                                idataCOMRAM  000000
__Lidloc                                      idloc        000000
__Lifardata                                   ifardata     000000
__Linit                                       init         00000E
__Lintcode                                    intcode      000008
__Lintcode_body                               intcode_body 000000
__Lintcodelo                                  intcodelo    00000E
__Lintentry                                   intentry     000000
__Lintret                                     intret       000000
__Lintsave_regs                               intsave_regs 000000
__Lirdata                                     irdata       000000
__Lmediumconst                                mediumconst  000000
__LnvFARRAM                                   nvFARRAM     000000
__Lnvbit                                      nvbit        000000
__Lnvrram                                     nvrram       000000
__Lparam                                      rparam       000000
__Lpowerup                                    powerup      00000E
__Lram                                        ram          000000
__Lramtop                                     ramtop       001000
__Lrbit                                       rbit         000000
__Lrbss                                       rbss         000000
__Lrdata                                      rdata        000000
__Lreset_vec                                  reset_vec    000000
__Lrparam                                     rparam       000000
__Lsfr                                        sfr          000000
__Lsmallconst                                 smallconst   001000
__Lspace_0                                    (abs)        000000
__Lspace_1                                    (abs)        000000
__Lspace_2                                    (abs)        000000
__Lspace_4                                    (abs)        000000
__Lstack                                      stack        000000
__Lstruct                                     struct       000000
__Ltemp                                       temp         000051
__Ltext                                       text         000000
__Ltext0                                      text0        000000
__Ltext1                                      text1        000000
__Ltext10                                     text10       000000
__Ltext11                                     text11       000000
__Ltext12                                     text12       000000
__Ltext13                                     text13       000000
__Ltext14                                     text14       000000
__Ltext15                                     text15       000000
__Ltext2                                      text2        000000
__Ltext3                                      text3        000000
__Ltext4                                      text4        000000
__Ltext5                                      text5        000000
__Ltext6                                      text6        000000
__Ltext7                                      text7        000000
__Ltext9                                      text9        000000
__S0                                          (abs)        0016DC
__S1                                          (abs)        000052
__S4                                          (abs)        000000
__S5                                          (abs)        000000
___heap_hi                                    (abs)        000000
___heap_lo                                    (abs)        000000
___inthi_sp                                   stack        000000
___intlo_sp                                   stack        000000
___param_bank                                 (abs)        000000
___rparam_used                                (abs)        000001
___sp                                         stack        000000
__accesstop                                   (abs)        000080
__activetblptr                                (abs)        000003
__end_of_Application_initialize               text4        0016C0
__end_of_Data_EEPROM_ReadByte                 text3        00165A
__end_of_Data_EEPROM_WriteByte                text2        0015EA
__end_of_INT0_ISR                             text15       0016DC
__end_of_INT1_ISR                             text14       0016D8
__end_of_INT2_ISR                             text13       0016D4
__end_of_InterruptManager                     intcode_body 0013E0
__end_of_RB4_ISR                              text12       0016D0
__end_of_RB5_ISR                              text11       0016CC
__end_of_RB6_ISR                              text10       0016C8
__end_of_RB7_ISR                              text9        0016C4
__end_of__initialization                      cinit        001686
__end_of_btn_values                           smallconst   001011
__end_of_gpio_pin_direction_init              text7        001178
__end_of_gpio_pin_write_logic                 text6        0012C2
__end_of_led_initialize                       text5        001478
__end_of_led_turn_on                          text1        0014F8
__end_of_main                                 text0        001572
__initialization                              cinit        00165A
__mediumconst                                 mediumconst  000000
__pbssCOMRAM                                  bssCOMRAM    000021
__pcinit                                      cinit        00165A
__pcstackCOMRAM                               cstackCOMRAM 000040
__pdataCOMRAM                                 dataCOMRAM   000001
__pidataCOMRAM                                idataCOMRAM  001690
__pintcode                                    intcode      000008
__pintcode_body                               intcode_body 0012C2
__psmallconst                                 smallconst   001000
__ptext0                                      text0        0014F8
__ptext1                                      text1        001478
__ptext10                                     text10       0016C4
__ptext11                                     text11       0016C8
__ptext12                                     text12       0016CC
__ptext13                                     text13       0016D0
__ptext14                                     text14       0016D4
__ptext15                                     text15       0016D8
__ptext2                                      text2        001572
__ptext3                                      text3        0015EA
__ptext4                                      text4        0016B0
__ptext5                                      text5        0013E0
__ptext6                                      text6        001178
__ptext7                                      text7        001016
__ptext9                                      text9        0016C0
__ramtop                                      ramtop       001000
__smallconst                                  smallconst   001000
_epprom_cnt                                   bssCOMRAM    00002F
_gpio_pin_direction_init                      text7        001016
_gpio_pin_write_logic                         text6        001178
_lat_register                                 dataCOMRAM   00000B
_led0                                         dataCOMRAM   000020
_led_initialize                               text5        0013E0
_led_turn_on                                  text1        001478
_main                                         text0        0014F8
_port_register                                dataCOMRAM   000001
_ret                                          dataCOMRAM   00001F
_tris_register                                dataCOMRAM   000015
_value                                        bssCOMRAM    00003F
btemp                                         temp         000051
end_of_initialization                         cinit        001686
gpio_pin_direction_init@_pin_config_t         cstackCOMRAM 000040
gpio_pin_direction_init@ret                   cstackCOMRAM 000048
gpio_pin_write_logic@_pin_config_t            cstackCOMRAM 000040
gpio_pin_write_logic@logic                    cstackCOMRAM 000042
gpio_pin_write_logic@ret                      cstackCOMRAM 000049
int$flags                                     temp         000051
int_func                                      intcode_body 0012C2
intlevel0                                     text         000000
intlevel1                                     text         000000
intlevel2                                     text         000000
intlevel3                                     text         000000
isa$std                                       (abs)        000001
isa$xinst                                     (abs)        000000
led_initialize@F3043                          bssCOMRAM    000036
led_initialize@led                            cstackCOMRAM 00004A
led_initialize@pin_obj                        cstackCOMRAM 00004E
led_initialize@ret                            cstackCOMRAM 00004D
led_toggle_logic@F3058                        bssCOMRAM    000033
led_turn_off@F3053                            bssCOMRAM    000034
led_turn_on@F3048                             bssCOMRAM    000035
led_turn_on@led                               cstackCOMRAM 00004A
led_turn_on@pin_obj                           cstackCOMRAM 00004E
led_turn_on@ret                               cstackCOMRAM 00004D
relay_initialize@F3037                        bssCOMRAM    000032
relay_turn_off@F3047                          bssCOMRAM    000030
relay_turn_on@F3042                           bssCOMRAM    000031
stackhi                                       (abs)        000000
stacklo                                       (abs)        000000
start                                         init         00000E
start_initialization                          cinit        00165A
ttemp5                                        temp         000052
ttemp6                                        temp         000055
ttemp7                                        temp         000059
wtemp8                                        temp         000052


MODULE INFORMATION

Module		Function		Class		Link	Load	Size
MCAL_Layer/EEPROM/hal_eeprom.c
		_Data_EEPROM_ReadByte		CODE           	15EA	0000	112
		_Data_EEPROM_WriteByte		CODE           	1572	0000	120

MCAL_Layer/EEPROM/hal_eeprom.c estimated size: 232

Application.c
		_main          		CODE           	14F8	0000	122
		_Application_initialize		CODE           	16B0	0000	16

Application.c estimated size: 138

MCAL_Layer/Interrupt/hal_extrenal_interrupt.c
		_RB4_ISR       		CODE           	16CC	0000	4
		_RB5_ISR       		CODE           	16C8	0000	4
		_RB6_ISR       		CODE           	16C4	0000	4
		_RB7_ISR       		CODE           	16C0	0000	4
		_INT0_ISR      		CODE           	16D8	0000	4
		_INT1_ISR      		CODE           	16D4	0000	4
		_INT2_ISR      		CODE           	16D0	0000	4

MCAL_Layer/Interrupt/hal_extrenal_interrupt.c estimated size: 28

MCAL_Layer/Interrupt/hal_manager_interrupt.c
		_InterruptManager		CODE           	0008	0000	292

MCAL_Layer/Interrupt/hal_manager_interrupt.c estimated size: 292

shared
		_btn_values    		SMALLCONST     	0000	0000	0
		__initialization		CODE           	165A	0000	44

shared estimated size: 44

MCAL_Layer/hal_gpio.c
		_gpio_pin_write_logic		CODE           	1178	0000	330
		_gpio_pin_direction_init		CODE           	1016	0000	354

MCAL_Layer/hal_gpio.c estimated size: 684

ECU_Layer/Ecu_led.c
		_led_initialize		CODE           	13E0	0000	152
		_led_turn_on   		CODE           	1478	0000	128

ECU_Layer/Ecu_led.c estimated size: 280

